 
****************************************
Report : power
        -net
        -analysis_effort low
        -sort_mode net_switching_power
Design : SIPISOALU
Version: F-2011.09-SP3
Date   : Mon May  4 20:45:02 2020
****************************************


Library(s) Used:

    NangateOpenCellLibrary (File: /home/mariagrazia.graziano/do/libnangate/NangateOpenCellLibrary_typical_ecsm.db)


Operating Conditions: typical   Library: NangateOpenCellLibrary
Wire Load Model Mode: top

Design        Wire Load Model            Library
------------------------------------------------
SIPISOALU              5K_hvratio_1_1    NangateOpenCellLibrary


Global Operating Voltage = 1.1  
Power-specific unit information :
    Voltage Units = 1V
    Capacitance Units = 1.000000ff
    Time Units = 1ns
    Dynamic Power Units = 1uW    (derived from V,C,T units)
    Leakage Power Units = 1nW



  Attributes
  ----------
      a  -  Switching activity information annotated on net
      d  -  Default switching activity information on net

                             Total      Static   Toggle   Switching
Net                          Net Load   Prob.    Rate     Power      Attrs
--------------------------------------------------------------------------------
n148                          24.359    0.500    0.2778      4.0937  d
LDB                           16.706    0.110    0.1662      1.6802  
net7165                       12.545    0.148    0.1850      1.4039  
n198                           6.692    0.107    0.0896      0.3628  
n136                           5.965    0.119    0.1004      0.3622  
net7202                        4.503    0.880    0.0994      0.2707  
n218                           2.721    0.174    0.1624      0.2674  
n232                           2.883    0.167    0.1514      0.2641  
n211                           2.542    0.822    0.1701      0.2615  
net7200                        4.935    0.898    0.0836      0.2495  
n160                           4.762    0.109    0.0860      0.2479  
EA                             2.089    0.148    0.1850      0.2338  
n231                           3.971    0.893    0.0886      0.2128  
n191                           1.252    0.500    0.2778      0.2104  d
n202                           4.061    0.891    0.0850      0.2089  
net7169                        1.981    0.837    0.1733      0.2076  
n139                           3.912    0.107    0.0871      0.2063  
n80                            3.893    0.102    0.0846      0.1993  
n197                           1.961    0.805    0.1544      0.1832  
n210                           4.089    0.950    0.0708      0.1751  
n156                           3.303    0.892    0.0861      0.1721  
n214                           1.257    0.818    0.2101      0.1598  
n163                           1.980    0.924    0.1318      0.1579  
n221                           1.257    0.830    0.1935      0.1471  
n164                           1.980    0.936    0.1188      0.1423  
n159                           2.542    0.106    0.0868      0.1335  
n169                           1.980    0.944    0.1106      0.1325  
n167                           1.980    0.943    0.1097      0.1314  
n166                           1.980    0.946    0.1087      0.1302  
n168                           1.980    0.945    0.1083      0.1298  
n165                           1.980    0.947    0.1081      0.1295  
n158                           2.721    0.097    0.0780      0.1284  
n215                           2.721    0.050    0.0708      0.1165  
n228                           1.909    0.107    0.0896      0.1035  
n199                           1.974    0.109    0.0860      0.1028  
n153                           1.972    0.894    0.0858      0.1023  
n54                            1.438    0.132    0.1144      0.0996  
n223                           2.542    0.955    0.0579      0.0890  
n51                            1.438    0.118    0.1008      0.0877  
n152                           1.882    0.903    0.0770      0.0876  
n48                            1.438    0.120    0.1001      0.0871  
n50                            1.438    0.121    0.0996      0.0867  
n49                            1.438    0.113    0.0982      0.0855  
n53                            1.438    0.118    0.0969      0.0843  
n204                           6.105    0.011    0.0222      0.0820  
n190                           5.284    0.996    0.0251      0.0802  
n52                            1.438    0.107    0.0861      0.0749  
n217                           2.535    0.969    0.0478      0.0733  
n196                           2.024    0.946    0.0589      0.0722  
n208                           4.615    0.996    0.0251      0.0701  
n224                           2.542    0.046    0.0454      0.0699  
LDC                            4.406    0.004    0.0251      0.0669  
SHIFTC                         4.721    0.011    0.0222      0.0634  
n229                           3.886    0.015    0.0251      0.0590  
n205                           3.867    0.985    0.0251      0.0587  
STARTC                         3.745    0.004    0.0251      0.0568  
n162                           3.945    0.005    0.0200      0.0477  
n161                           4.012    0.004    0.0156      0.0379  
n216                           2.592    0.978    0.0216      0.0339  
n209                           1.980    0.993    0.0271      0.0325  
n32                            1.972    0.979    0.0246      0.0293  
n44                            1.438    0.023    0.0281      0.0245  
n193                           1.997    0.003    0.0176      0.0213  
n200                           1.284    0.966    0.0263      0.0204  
n45                            1.438    0.006    0.0224      0.0195  
n213                           1.909    0.996    0.0156      0.0180  
n195                           1.974    0.998    0.0127      0.0152  
n206                           1.974    0.998    0.0125      0.0150  
n222                           1.284    0.978    0.0192      0.0150  
n188                           1.999    0.005    0.0120      0.0146  
n46                            1.438    0.004    0.0166      0.0145  
n207                           1.974    0.998    0.0119      0.0142  
n194                           1.909    0.998    0.0120      0.0139  
net7170                        1.975    0.994    0.0110      0.0132  
net7168                        1.438    0.006    0.0129      0.0112  
n219                           1.909    0.998    0.0097      0.0112  
C                              0.310    0.021    0.0256      0.0048  
--------------------------------------------------------------------------------
Total (77 nets)                                             15.3834 uW
1
