Loading db file '/home/mariagrazia.graziano/do/libnangate/NangateOpenCellLibrary_typical_ecsm.db'
Information: Propagating switching activity (low effort zero delay simulation). (PWR-6)
Warning: Design has unannotated primary inputs. (PWR-414)
Warning: Design has unannotated sequential cell outputs. (PWR-415)
 
****************************************
Report : power
        -analysis_effort low
Design : register_file_NBIT64_NREG32
Version: F-2011.09-SP3
Date   : Tue May  5 00:32:22 2020
****************************************


Library(s) Used:

    NangateOpenCellLibrary (File: /home/mariagrazia.graziano/do/libnangate/NangateOpenCellLibrary_typical_ecsm.db)


Operating Conditions: typical   Library: NangateOpenCellLibrary
Wire Load Model Mode: top

Design        Wire Load Model            Library
------------------------------------------------
register_file_NBIT64_NREG32
                       5K_hvratio_1_1    NangateOpenCellLibrary


Global Operating Voltage = 1.1  
Power-specific unit information :
    Voltage Units = 1V
    Capacitance Units = 1.000000ff
    Time Units = 1ns
    Dynamic Power Units = 1uW    (derived from V,C,T units)
    Leakage Power Units = 1nW


  Cell Internal Power  =   7.4586 mW   (96%)
  Net Switching Power  = 350.2194 uW    (4%)
                         ---------
Total Dynamic Power    =   7.8088 mW  (100%)

Cell Leakage Power     = 386.9466 uW


                 Internal         Switching           Leakage            Total
Power Group      Power            Power               Power              Power   (   %    )  Attrs
--------------------------------------------------------------------------------------------------
io_pad             0.0000            0.0000            0.0000            0.0000  (   0.00%)
memory             0.0000            0.0000            0.0000            0.0000  (   0.00%)
black_box          0.0000            0.0000            0.0000            0.0000  (   0.00%)
clock_network      0.0000            0.0000            0.0000            0.0000  (   0.00%)
register       7.3795e+03           12.2610        1.6614e+05        7.5579e+03  (  92.22%)
sequential         0.0000            0.0000            0.0000            0.0000  (   0.00%)
combinational     79.0748          337.9589        2.2081e+05          637.8451  (   7.78%)
--------------------------------------------------------------------------------------------------
Total          7.4586e+03 uW       350.2199 uW     3.8695e+05 nW     8.1958e+03 uW
1
