Information: Updating design information... (UID-85)
 
****************************************
Report : timing
        -path full
        -delay max
        -nworst 10
        -max_paths 10
Design : SIPISOALU
Version: F-2011.09-SP3
Date   : Mon May  4 20:44:10 2020
****************************************

Operating Conditions: typical   Library: NangateOpenCellLibrary
Wire Load Model Mode: top

  Startpoint: control/CURRENT_STATE_reg[4]
              (rising edge-triggered flip-flop)
  Endpoint: STARTC (output port)
  Path Group: (none)
  Path Type: max

  Des/Clust/Port     Wire Load Model       Library
  ------------------------------------------------
  SIPISOALU          5K_hvratio_1_1        NangateOpenCellLibrary

  Point                                                   Incr       Path
  --------------------------------------------------------------------------
  control/CURRENT_STATE_reg[4]/CK (DFFR_X1)               0.00       0.00 r
  control/CURRENT_STATE_reg[4]/Q (DFFR_X1)                0.10       0.10 f
  control/U50/ZN (NOR2_X1)                                0.09       0.19 r
  control/U17/ZN (NAND4_X1)                               0.07       0.26 f
  control/U16/ZN (INV_X1)                                 0.05       0.31 r
  control/startC (sipisoAluControl)                       0.00       0.31 r
  STARTC (out)                                            0.00       0.31 r
  data arrival time                                                  0.31
  --------------------------------------------------------------------------
  (Path is unconstrained)


  Startpoint: control/CURRENT_STATE_reg[3]
              (rising edge-triggered flip-flop)
  Endpoint: STARTC (output port)
  Path Group: (none)
  Path Type: max

  Des/Clust/Port     Wire Load Model       Library
  ------------------------------------------------
  SIPISOALU          5K_hvratio_1_1        NangateOpenCellLibrary

  Point                                                   Incr       Path
  --------------------------------------------------------------------------
  control/CURRENT_STATE_reg[3]/CK (DFFR_X1)               0.00       0.00 r
  control/CURRENT_STATE_reg[3]/QN (DFFR_X1)               0.07       0.07 f
  control/U50/ZN (NOR2_X1)                                0.08       0.15 r
  control/U17/ZN (NAND4_X1)                               0.07       0.22 f
  control/U16/ZN (INV_X1)                                 0.05       0.26 r
  control/startC (sipisoAluControl)                       0.00       0.26 r
  STARTC (out)                                            0.00       0.27 r
  data arrival time                                                  0.27
  --------------------------------------------------------------------------
  (Path is unconstrained)


  Startpoint: control/CURRENT_STATE_reg[4]
              (rising edge-triggered flip-flop)
  Endpoint: STARTC (output port)
  Path Group: (none)
  Path Type: max

  Des/Clust/Port     Wire Load Model       Library
  ------------------------------------------------
  SIPISOALU          5K_hvratio_1_1        NangateOpenCellLibrary

  Point                                                   Incr       Path
  --------------------------------------------------------------------------
  control/CURRENT_STATE_reg[4]/CK (DFFR_X1)               0.00       0.00 r
  control/CURRENT_STATE_reg[4]/Q (DFFR_X1)                0.13       0.13 r
  control/U50/ZN (NOR2_X1)                                0.05       0.18 f
  control/U17/ZN (NAND4_X1)                               0.05       0.23 r
  control/U16/ZN (INV_X1)                                 0.03       0.26 f
  control/startC (sipisoAluControl)                       0.00       0.26 f
  STARTC (out)                                            0.00       0.26 f
  data arrival time                                                  0.26
  --------------------------------------------------------------------------
  (Path is unconstrained)


  Startpoint: control/CURRENT_STATE_reg[0]
              (rising edge-triggered flip-flop)
  Endpoint: STARTC (output port)
  Path Group: (none)
  Path Type: max

  Des/Clust/Port     Wire Load Model       Library
  ------------------------------------------------
  SIPISOALU          5K_hvratio_1_1        NangateOpenCellLibrary

  Point                                                   Incr       Path
  --------------------------------------------------------------------------
  control/CURRENT_STATE_reg[0]/CK (DFFR_X1)               0.00       0.00 r
  control/CURRENT_STATE_reg[0]/Q (DFFR_X1)                0.13       0.13 r
  control/U17/ZN (NAND4_X1)                               0.06       0.20 f
  control/U16/ZN (INV_X1)                                 0.05       0.24 r
  control/startC (sipisoAluControl)                       0.00       0.24 r
  STARTC (out)                                            0.00       0.25 r
  data arrival time                                                  0.25
  --------------------------------------------------------------------------
  (Path is unconstrained)


  Startpoint: control/CURRENT_STATE_reg[2]
              (rising edge-triggered flip-flop)
  Endpoint: STARTC (output port)
  Path Group: (none)
  Path Type: max

  Des/Clust/Port     Wire Load Model       Library
  ------------------------------------------------
  SIPISOALU          5K_hvratio_1_1        NangateOpenCellLibrary

  Point                                                   Incr       Path
  --------------------------------------------------------------------------
  control/CURRENT_STATE_reg[2]/CK (DFFR_X1)               0.00       0.00 r
  control/CURRENT_STATE_reg[2]/Q (DFFR_X1)                0.12       0.12 r
  control/U17/ZN (NAND4_X1)                               0.06       0.19 f
  control/U16/ZN (INV_X1)                                 0.05       0.23 r
  control/startC (sipisoAluControl)                       0.00       0.23 r
  STARTC (out)                                            0.00       0.24 r
  data arrival time                                                  0.24
  --------------------------------------------------------------------------
  (Path is unconstrained)


  Startpoint: control/CURRENT_STATE_reg[1]
              (rising edge-triggered flip-flop)
  Endpoint: STARTC (output port)
  Path Group: (none)
  Path Type: max

  Des/Clust/Port     Wire Load Model       Library
  ------------------------------------------------
  SIPISOALU          5K_hvratio_1_1        NangateOpenCellLibrary

  Point                                                   Incr       Path
  --------------------------------------------------------------------------
  control/CURRENT_STATE_reg[1]/CK (DFFR_X1)               0.00       0.00 r
  control/CURRENT_STATE_reg[1]/QN (DFFR_X1)               0.09       0.09 r
  control/U17/ZN (NAND4_X1)                               0.06       0.15 f
  control/U16/ZN (INV_X1)                                 0.05       0.20 r
  control/startC (sipisoAluControl)                       0.00       0.20 r
  STARTC (out)                                            0.00       0.20 r
  data arrival time                                                  0.20
  --------------------------------------------------------------------------
  (Path is unconstrained)


  Startpoint: control/CURRENT_STATE_reg[3]
              (rising edge-triggered flip-flop)
  Endpoint: STARTC (output port)
  Path Group: (none)
  Path Type: max

  Des/Clust/Port     Wire Load Model       Library
  ------------------------------------------------
  SIPISOALU          5K_hvratio_1_1        NangateOpenCellLibrary

  Point                                                   Incr       Path
  --------------------------------------------------------------------------
  control/CURRENT_STATE_reg[3]/CK (DFFR_X1)               0.00       0.00 r
  control/CURRENT_STATE_reg[3]/QN (DFFR_X1)               0.07       0.07 r
  control/U50/ZN (NOR2_X1)                                0.04       0.11 f
  control/U17/ZN (NAND4_X1)                               0.05       0.16 r
  control/U16/ZN (INV_X1)                                 0.03       0.19 f
  control/startC (sipisoAluControl)                       0.00       0.19 f
  STARTC (out)                                            0.00       0.19 f
  data arrival time                                                  0.19
  --------------------------------------------------------------------------
  (Path is unconstrained)


  Startpoint: control/CURRENT_STATE_reg[0]
              (rising edge-triggered flip-flop)
  Endpoint: STARTC (output port)
  Path Group: (none)
  Path Type: max

  Des/Clust/Port     Wire Load Model       Library
  ------------------------------------------------
  SIPISOALU          5K_hvratio_1_1        NangateOpenCellLibrary

  Point                                                   Incr       Path
  --------------------------------------------------------------------------
  control/CURRENT_STATE_reg[0]/CK (DFFR_X1)               0.00       0.00 r
  control/CURRENT_STATE_reg[0]/Q (DFFR_X1)                0.11       0.11 f
  control/U17/ZN (NAND4_X1)                               0.05       0.16 r
  control/U16/ZN (INV_X1)                                 0.03       0.19 f
  control/startC (sipisoAluControl)                       0.00       0.19 f
  STARTC (out)                                            0.00       0.19 f
  data arrival time                                                  0.19
  --------------------------------------------------------------------------
  (Path is unconstrained)


  Startpoint: control/CURRENT_STATE_reg[2]
              (rising edge-triggered flip-flop)
  Endpoint: STARTC (output port)
  Path Group: (none)
  Path Type: max

  Des/Clust/Port     Wire Load Model       Library
  ------------------------------------------------
  SIPISOALU          5K_hvratio_1_1        NangateOpenCellLibrary

  Point                                                   Incr       Path
  --------------------------------------------------------------------------
  control/CURRENT_STATE_reg[2]/CK (DFFR_X1)               0.00       0.00 r
  control/CURRENT_STATE_reg[2]/Q (DFFR_X1)                0.10       0.10 f
  control/U17/ZN (NAND4_X1)                               0.05       0.15 r
  control/U16/ZN (INV_X1)                                 0.03       0.18 f
  control/startC (sipisoAluControl)                       0.00       0.18 f
  STARTC (out)                                            0.00       0.19 f
  data arrival time                                                  0.19
  --------------------------------------------------------------------------
  (Path is unconstrained)


  Startpoint: control/CURRENT_STATE_reg[1]
              (rising edge-triggered flip-flop)
  Endpoint: STARTC (output port)
  Path Group: (none)
  Path Type: max

  Des/Clust/Port     Wire Load Model       Library
  ------------------------------------------------
  SIPISOALU          5K_hvratio_1_1        NangateOpenCellLibrary

  Point                                                   Incr       Path
  --------------------------------------------------------------------------
  control/CURRENT_STATE_reg[1]/CK (DFFR_X1)               0.00       0.00 r
  control/CURRENT_STATE_reg[1]/QN (DFFR_X1)               0.08       0.08 f
  control/U17/ZN (NAND4_X1)                               0.05       0.13 r
  control/U16/ZN (INV_X1)                                 0.03       0.17 f
  control/startC (sipisoAluControl)                       0.00       0.17 f
  STARTC (out)                                            0.00       0.17 f
  data arrival time                                                  0.17
  --------------------------------------------------------------------------
  (Path is unconstrained)


1
