 
****************************************
Report : power
        -cell
        -analysis_effort low
        -sort_mode cell_internal_power
Design : SIPISOALU
Version: F-2011.09-SP3
Date   : Mon May  4 20:44:11 2020
****************************************


Library(s) Used:

    NangateOpenCellLibrary (File: /home/mariagrazia.graziano/do/libnangate/NangateOpenCellLibrary_typical_ecsm.db)


Operating Conditions: typical   Library: NangateOpenCellLibrary
Wire Load Model Mode: top

Design        Wire Load Model            Library
------------------------------------------------
SIPISOALU              5K_hvratio_1_1    NangateOpenCellLibrary


Global Operating Voltage = 1.1  
Power-specific unit information :
    Voltage Units = 1V
    Capacitance Units = 1.000000ff
    Time Units = 1ns
    Dynamic Power Units = 1uW    (derived from V,C,T units)
    Leakage Power Units = 1nW



  Attributes
  ----------
      h  -  Hierarchical cell

                        Cell      Driven Net  Tot Dynamic      Cell
                        Internal  Switching   Power            Leakage
Cell                    Power     Power       (% Cell/Tot)     Power      Attrs
--------------------------------------------------------------------------------
control                    6.0010       N/A        N/A (N/A)   1624.5092  h
PIPO_reg[0]                0.4066 6.941e-03      0.413 (98%)     79.9179   
PIPO_reg[1]                0.4061    0.0105      0.417 (97%)     79.9680   
PIPO_reg[2]                0.4051 7.560e-03      0.413 (98%)     79.9016   
PIPO_reg[3]                0.4019 3.146e-03      0.405 (99%)     79.9427   
SIPO_reg[0]                0.3987 6.818e-03      0.406 (98%)     79.7573   
SIPO_reg[1]                0.3679 1.645e-03      0.370 (100%)    79.4846   
PISO_reg[3]                0.3645 1.152e-03      0.366 (100%)    79.5029   
PISO_reg[0]                0.3645 6.088e-04      0.365 (100%)    79.4924   
PISO_reg[2]                0.3645 1.149e-03      0.366 (100%)    79.4922   
PISO_reg[1]                0.3642 1.142e-03      0.365 (100%)    79.4890   
SIPO_reg[2]                0.3637 4.295e-04      0.364 (100%)    79.4298   
U67                        0.1608    0.1178      0.279 (58%)     37.9341   
U71                        0.0992    1.4737      1.573 (6%)      14.3532   
U47                        0.0411    0.0101   5.12e-02 (80%)     32.7016   
U49                        0.0402 9.983e-03   5.02e-02 (80%)     32.7071   
U50                        0.0399 9.903e-03   4.98e-02 (80%)     32.7003   
U48                        0.0398 9.850e-03   4.96e-02 (80%)     32.6975   
U44                        0.0310 8.098e-03   3.91e-02 (79%)     32.6788   
U63                        0.0108 6.601e-03   1.74e-02 (62%)     46.8955   
U58                     8.593e-03 3.514e-03   1.21e-02 (71%)     26.5030   
U62                     7.489e-03 4.597e-03   1.21e-02 (62%)     36.8408   
U60                     7.033e-03 3.360e-03   1.04e-02 (68%)     13.6759   
U53                     6.264e-03 2.412e-03   8.68e-03 (72%)     26.5312   
U52                     4.941e-03 2.188e-03   7.13e-03 (69%)     23.6592   
U45                     4.639e-03 1.328e-03   5.97e-03 (78%)     27.5959   
U57                     4.292e-03 2.647e-03   6.94e-03 (62%)     36.7089   
U59                     2.743e-03 4.824e-03   7.57e-03 (36%)     44.0255   
U65                     2.426e-03 4.365e-03   6.79e-03 (36%)     14.1921   
U56                     2.100e-03 4.779e-04   2.58e-03 (81%)     74.8354   
U55                     2.006e-03 9.242e-04   2.93e-03 (68%)     20.3534   
U61                     1.862e-03 4.248e-04   2.29e-03 (81%)     74.7074   
U54                     1.819e-03 1.220e-03   3.04e-03 (60%)      7.0923   
U66                     1.790e-03 4.779e-04   2.27e-03 (79%)     70.6793   
U64                     1.665e-03 4.935e-03   6.60e-03 (25%)     18.5757   
U46                     1.100e-03 3.186e-04   1.42e-03 (78%)     27.5557   
U51                     9.318e-04 4.248e-04   1.36e-03 (69%)     45.8206   
U70                     4.725e-04 1.124e-03   1.60e-03 (30%)     28.5665   
U69                     1.727e-04 1.130e-03   1.30e-03 (13%)     10.1120   
U68                     7.435e-05 2.201e-04   2.94e-04 (25%)     24.7911   
--------------------------------------------------------------------------------
Totals (40 cells)         10.734uW     N/A         N/A (N/A)      3.416uW
1
