Loading db file '/home/mariagrazia.graziano/do/libnangate/NangateOpenCellLibrary_typical_ecsm.db'
Information: Propagating switching activity (low effort zero delay simulation). (PWR-6)
Warning: Design has unannotated primary inputs. (PWR-414)
Warning: Design has unannotated sequential cell outputs. (PWR-415)
 
****************************************
Report : power
        -analysis_effort low
Design : windowed_register_file_M8_N4_N_bit64_W2
Version: F-2011.09-SP3
Date   : Tue May  5 00:54:55 2020
****************************************


Library(s) Used:

    NangateOpenCellLibrary (File: /home/mariagrazia.graziano/do/libnangate/NangateOpenCellLibrary_typical_ecsm.db)


Operating Conditions: typical   Library: NangateOpenCellLibrary
Wire Load Model Mode: top

Design        Wire Load Model            Library
------------------------------------------------
windowed_register_file_M8_N4_N_bit64_W2
                       5K_hvratio_1_1    NangateOpenCellLibrary


Global Operating Voltage = 1.1  
Power-specific unit information :
    Voltage Units = 1V
    Capacitance Units = 1.000000ff
    Time Units = 1ns
    Dynamic Power Units = 1uW    (derived from V,C,T units)
    Leakage Power Units = 1nW


  Cell Internal Power  =   7.7680 mW   (92%)
  Net Switching Power  = 643.7172 uW    (8%)
                         ---------
Total Dynamic Power    =   8.4117 mW  (100%)

Cell Leakage Power     = 420.4681 uW


                 Internal         Switching           Leakage            Total
Power Group      Power            Power               Power              Power   (   %    )  Attrs
--------------------------------------------------------------------------------------------------
io_pad             0.0000            0.0000            0.0000            0.0000  (   0.00%)
memory             0.0000            0.0000            0.0000            0.0000  (   0.00%)
black_box          0.0000            0.0000            0.0000            0.0000  (   0.00%)
clock_network      0.1184            0.1946          197.4004            0.5105  (   0.01%)
register       7.5543e+03           31.1718        1.7269e+05        7.7581e+03  (  87.84%)
sequential         0.1033        7.6746e-02          515.4561            0.6955  (   0.01%)
combinational    213.5231          612.2780        2.4706e+05        1.0729e+03  (  12.15%)
--------------------------------------------------------------------------------------------------
Total          7.7680e+03 uW       643.7211 uW     4.2047e+05 nW     8.8322e+03 uW
1
