Information: Updating design information... (UID-85)
 
****************************************
Report : timing
        -path full
        -delay max
        -nworst 10
        -max_paths 10
Design : P4_ADDER
Version: F-2011.09-SP3
Date   : Mon Apr  6 16:57:40 2020
****************************************

Operating Conditions: typical   Library: NangateOpenCellLibrary
Wire Load Model Mode: top

  Startpoint: B[15] (input port)
  Endpoint: S[24] (output port)
  Path Group: default
  Path Type: max

  Des/Clust/Port     Wire Load Model       Library
  ------------------------------------------------
  P4_ADDER           5K_hvratio_1_1        NangateOpenCellLibrary

  Point                                                   Incr       Path
  --------------------------------------------------------------------------
  input external delay                                    0.00       0.00 r
  B[15] (in)                                              0.00       0.00 r
  CGEN/B[15] (carry_generator_N32_NPB4)                   0.00       0.00 r
  CGEN/U17/ZN (INV_X1)                                    0.02       0.02 f
  CGEN/U15/ZN (NAND2_X1)                                  0.02       0.05 r
  CGEN/U16/ZN (NAND2_X1)                                  0.03       0.08 f
  CGEN/PGJ_0_7_0/P_IK (PG_21)                             0.00       0.08 f
  CGEN/PGJ_0_7_0/U3/ZN (AOI21_X1)                         0.04       0.12 r
  CGEN/PGJ_0_7_0/U2/ZN (INV_X1)                           0.02       0.14 f
  CGEN/PGJ_0_7_0/Gx (PG_21)                               0.00       0.14 f
  CGEN/PGJ_1_3_0/G_IK (PG_10)                             0.00       0.14 f
  CGEN/PGJ_1_3_0/U2/ZN (AOI21_X1)                         0.05       0.19 r
  CGEN/PGJ_1_3_0/U1/ZN (INV_X1)                           0.02       0.21 f
  CGEN/PGJ_1_3_0/Gx (PG_10)                               0.00       0.21 f
  CGEN/PGJ_2_1_0/G_IK (PG_5)                              0.00       0.21 f
  CGEN/PGJ_2_1_0/U2/ZN (AOI21_X1)                         0.05       0.27 r
  CGEN/PGJ_2_1_0/U3/ZN (INV_X1)                           0.02       0.29 f
  CGEN/PGJ_2_1_0/Gx (PG_5)                                0.00       0.29 f
  CGEN/GJ_3_0_0/G_IK (G_6)                                0.00       0.29 f
  CGEN/GJ_3_0_0/U2/ZN (AOI21_X1)                          0.05       0.34 r
  CGEN/GJ_3_0_0/U1/ZN (INV_X1)                            0.03       0.37 f
  CGEN/GJ_3_0_0/Gx (G_6)                                  0.00       0.37 f
  CGEN/GJ_4_0_2/G_K_1 (G_2)                               0.00       0.37 f
  CGEN/GJ_4_0_2/U2/ZN (NAND2_X1)                          0.03       0.41 r
  CGEN/GJ_4_0_2/U3/ZN (NAND2_X1)                          0.04       0.45 f
  CGEN/GJ_4_0_2/Gx (G_2)                                  0.00       0.45 f
  CGEN/Co[5] (carry_generator_N32_NPB4)                   0.00       0.45 f
  SGEN/Ci[6] (sum_generator_N32_NPB4)                     0.00       0.45 f
  SGEN/csbi_6/Ci (carry_select_block_NPB4_2)              0.00       0.45 f
  SGEN/csbi_6/mux/sel (MUX21_generic_N4_2)                0.00       0.45 f
  SGEN/csbi_6/mux/U1/Z (MUX2_X1)                          0.07       0.52 r
  SGEN/csbi_6/mux/Y[0] (MUX21_generic_N4_2)               0.00       0.52 r
  SGEN/csbi_6/S[0] (carry_select_block_NPB4_2)            0.00       0.52 r
  SGEN/S[24] (sum_generator_N32_NPB4)                     0.00       0.52 r
  S[24] (out)                                             0.00       0.52 r
  data arrival time                                                  0.52

  max_delay                                               0.52       0.52
  output external delay                                   0.00       0.52
  data required time                                                 0.52
  --------------------------------------------------------------------------
  data required time                                                 0.52
  data arrival time                                                 -0.52
  --------------------------------------------------------------------------
  slack (MET)                                                        0.00


  Startpoint: B[15] (input port)
  Endpoint: S[25] (output port)
  Path Group: default
  Path Type: max

  Des/Clust/Port     Wire Load Model       Library
  ------------------------------------------------
  P4_ADDER           5K_hvratio_1_1        NangateOpenCellLibrary

  Point                                                   Incr       Path
  --------------------------------------------------------------------------
  input external delay                                    0.00       0.00 r
  B[15] (in)                                              0.00       0.00 r
  CGEN/B[15] (carry_generator_N32_NPB4)                   0.00       0.00 r
  CGEN/U17/ZN (INV_X1)                                    0.02       0.02 f
  CGEN/U15/ZN (NAND2_X1)                                  0.02       0.05 r
  CGEN/U16/ZN (NAND2_X1)                                  0.03       0.08 f
  CGEN/PGJ_0_7_0/P_IK (PG_21)                             0.00       0.08 f
  CGEN/PGJ_0_7_0/U3/ZN (AOI21_X1)                         0.04       0.12 r
  CGEN/PGJ_0_7_0/U2/ZN (INV_X1)                           0.02       0.14 f
  CGEN/PGJ_0_7_0/Gx (PG_21)                               0.00       0.14 f
  CGEN/PGJ_1_3_0/G_IK (PG_10)                             0.00       0.14 f
  CGEN/PGJ_1_3_0/U2/ZN (AOI21_X1)                         0.05       0.19 r
  CGEN/PGJ_1_3_0/U1/ZN (INV_X1)                           0.02       0.21 f
  CGEN/PGJ_1_3_0/Gx (PG_10)                               0.00       0.21 f
  CGEN/PGJ_2_1_0/G_IK (PG_5)                              0.00       0.21 f
  CGEN/PGJ_2_1_0/U2/ZN (AOI21_X1)                         0.05       0.27 r
  CGEN/PGJ_2_1_0/U3/ZN (INV_X1)                           0.02       0.29 f
  CGEN/PGJ_2_1_0/Gx (PG_5)                                0.00       0.29 f
  CGEN/GJ_3_0_0/G_IK (G_6)                                0.00       0.29 f
  CGEN/GJ_3_0_0/U2/ZN (AOI21_X1)                          0.05       0.34 r
  CGEN/GJ_3_0_0/U1/ZN (INV_X1)                            0.03       0.37 f
  CGEN/GJ_3_0_0/Gx (G_6)                                  0.00       0.37 f
  CGEN/GJ_4_0_2/G_K_1 (G_2)                               0.00       0.37 f
  CGEN/GJ_4_0_2/U2/ZN (NAND2_X1)                          0.03       0.41 r
  CGEN/GJ_4_0_2/U3/ZN (NAND2_X1)                          0.04       0.45 f
  CGEN/GJ_4_0_2/Gx (G_2)                                  0.00       0.45 f
  CGEN/Co[5] (carry_generator_N32_NPB4)                   0.00       0.45 f
  SGEN/Ci[6] (sum_generator_N32_NPB4)                     0.00       0.45 f
  SGEN/csbi_6/Ci (carry_select_block_NPB4_2)              0.00       0.45 f
  SGEN/csbi_6/mux/sel (MUX21_generic_N4_2)                0.00       0.45 f
  SGEN/csbi_6/mux/U3/Z (MUX2_X1)                          0.07       0.52 r
  SGEN/csbi_6/mux/Y[1] (MUX21_generic_N4_2)               0.00       0.52 r
  SGEN/csbi_6/S[1] (carry_select_block_NPB4_2)            0.00       0.52 r
  SGEN/S[25] (sum_generator_N32_NPB4)                     0.00       0.52 r
  S[25] (out)                                             0.00       0.52 r
  data arrival time                                                  0.52

  max_delay                                               0.52       0.52
  output external delay                                   0.00       0.52
  data required time                                                 0.52
  --------------------------------------------------------------------------
  data required time                                                 0.52
  data arrival time                                                 -0.52
  --------------------------------------------------------------------------
  slack (MET)                                                        0.00


  Startpoint: B[15] (input port)
  Endpoint: S[26] (output port)
  Path Group: default
  Path Type: max

  Des/Clust/Port     Wire Load Model       Library
  ------------------------------------------------
  P4_ADDER           5K_hvratio_1_1        NangateOpenCellLibrary

  Point                                                   Incr       Path
  --------------------------------------------------------------------------
  input external delay                                    0.00       0.00 r
  B[15] (in)                                              0.00       0.00 r
  CGEN/B[15] (carry_generator_N32_NPB4)                   0.00       0.00 r
  CGEN/U17/ZN (INV_X1)                                    0.02       0.02 f
  CGEN/U15/ZN (NAND2_X1)                                  0.02       0.05 r
  CGEN/U16/ZN (NAND2_X1)                                  0.03       0.08 f
  CGEN/PGJ_0_7_0/P_IK (PG_21)                             0.00       0.08 f
  CGEN/PGJ_0_7_0/U3/ZN (AOI21_X1)                         0.04       0.12 r
  CGEN/PGJ_0_7_0/U2/ZN (INV_X1)                           0.02       0.14 f
  CGEN/PGJ_0_7_0/Gx (PG_21)                               0.00       0.14 f
  CGEN/PGJ_1_3_0/G_IK (PG_10)                             0.00       0.14 f
  CGEN/PGJ_1_3_0/U2/ZN (AOI21_X1)                         0.05       0.19 r
  CGEN/PGJ_1_3_0/U1/ZN (INV_X1)                           0.02       0.21 f
  CGEN/PGJ_1_3_0/Gx (PG_10)                               0.00       0.21 f
  CGEN/PGJ_2_1_0/G_IK (PG_5)                              0.00       0.21 f
  CGEN/PGJ_2_1_0/U2/ZN (AOI21_X1)                         0.05       0.27 r
  CGEN/PGJ_2_1_0/U3/ZN (INV_X1)                           0.02       0.29 f
  CGEN/PGJ_2_1_0/Gx (PG_5)                                0.00       0.29 f
  CGEN/GJ_3_0_0/G_IK (G_6)                                0.00       0.29 f
  CGEN/GJ_3_0_0/U2/ZN (AOI21_X1)                          0.05       0.34 r
  CGEN/GJ_3_0_0/U1/ZN (INV_X1)                            0.03       0.37 f
  CGEN/GJ_3_0_0/Gx (G_6)                                  0.00       0.37 f
  CGEN/GJ_4_0_2/G_K_1 (G_2)                               0.00       0.37 f
  CGEN/GJ_4_0_2/U2/ZN (NAND2_X1)                          0.03       0.41 r
  CGEN/GJ_4_0_2/U3/ZN (NAND2_X1)                          0.04       0.45 f
  CGEN/GJ_4_0_2/Gx (G_2)                                  0.00       0.45 f
  CGEN/Co[5] (carry_generator_N32_NPB4)                   0.00       0.45 f
  SGEN/Ci[6] (sum_generator_N32_NPB4)                     0.00       0.45 f
  SGEN/csbi_6/Ci (carry_select_block_NPB4_2)              0.00       0.45 f
  SGEN/csbi_6/mux/sel (MUX21_generic_N4_2)                0.00       0.45 f
  SGEN/csbi_6/mux/U2/Z (MUX2_X1)                          0.07       0.52 r
  SGEN/csbi_6/mux/Y[2] (MUX21_generic_N4_2)               0.00       0.52 r
  SGEN/csbi_6/S[2] (carry_select_block_NPB4_2)            0.00       0.52 r
  SGEN/S[26] (sum_generator_N32_NPB4)                     0.00       0.52 r
  S[26] (out)                                             0.00       0.52 r
  data arrival time                                                  0.52

  max_delay                                               0.52       0.52
  output external delay                                   0.00       0.52
  data required time                                                 0.52
  --------------------------------------------------------------------------
  data required time                                                 0.52
  data arrival time                                                 -0.52
  --------------------------------------------------------------------------
  slack (MET)                                                        0.00


  Startpoint: B[15] (input port)
  Endpoint: S[27] (output port)
  Path Group: default
  Path Type: max

  Des/Clust/Port     Wire Load Model       Library
  ------------------------------------------------
  P4_ADDER           5K_hvratio_1_1        NangateOpenCellLibrary

  Point                                                   Incr       Path
  --------------------------------------------------------------------------
  input external delay                                    0.00       0.00 r
  B[15] (in)                                              0.00       0.00 r
  CGEN/B[15] (carry_generator_N32_NPB4)                   0.00       0.00 r
  CGEN/U17/ZN (INV_X1)                                    0.02       0.02 f
  CGEN/U15/ZN (NAND2_X1)                                  0.02       0.05 r
  CGEN/U16/ZN (NAND2_X1)                                  0.03       0.08 f
  CGEN/PGJ_0_7_0/P_IK (PG_21)                             0.00       0.08 f
  CGEN/PGJ_0_7_0/U3/ZN (AOI21_X1)                         0.04       0.12 r
  CGEN/PGJ_0_7_0/U2/ZN (INV_X1)                           0.02       0.14 f
  CGEN/PGJ_0_7_0/Gx (PG_21)                               0.00       0.14 f
  CGEN/PGJ_1_3_0/G_IK (PG_10)                             0.00       0.14 f
  CGEN/PGJ_1_3_0/U2/ZN (AOI21_X1)                         0.05       0.19 r
  CGEN/PGJ_1_3_0/U1/ZN (INV_X1)                           0.02       0.21 f
  CGEN/PGJ_1_3_0/Gx (PG_10)                               0.00       0.21 f
  CGEN/PGJ_2_1_0/G_IK (PG_5)                              0.00       0.21 f
  CGEN/PGJ_2_1_0/U2/ZN (AOI21_X1)                         0.05       0.27 r
  CGEN/PGJ_2_1_0/U3/ZN (INV_X1)                           0.02       0.29 f
  CGEN/PGJ_2_1_0/Gx (PG_5)                                0.00       0.29 f
  CGEN/GJ_3_0_0/G_IK (G_6)                                0.00       0.29 f
  CGEN/GJ_3_0_0/U2/ZN (AOI21_X1)                          0.05       0.34 r
  CGEN/GJ_3_0_0/U1/ZN (INV_X1)                            0.03       0.37 f
  CGEN/GJ_3_0_0/Gx (G_6)                                  0.00       0.37 f
  CGEN/GJ_4_0_2/G_K_1 (G_2)                               0.00       0.37 f
  CGEN/GJ_4_0_2/U2/ZN (NAND2_X1)                          0.03       0.41 r
  CGEN/GJ_4_0_2/U3/ZN (NAND2_X1)                          0.04       0.45 f
  CGEN/GJ_4_0_2/Gx (G_2)                                  0.00       0.45 f
  CGEN/Co[5] (carry_generator_N32_NPB4)                   0.00       0.45 f
  SGEN/Ci[6] (sum_generator_N32_NPB4)                     0.00       0.45 f
  SGEN/csbi_6/Ci (carry_select_block_NPB4_2)              0.00       0.45 f
  SGEN/csbi_6/mux/sel (MUX21_generic_N4_2)                0.00       0.45 f
  SGEN/csbi_6/mux/U4/Z (MUX2_X1)                          0.07       0.52 r
  SGEN/csbi_6/mux/Y[3] (MUX21_generic_N4_2)               0.00       0.52 r
  SGEN/csbi_6/S[3] (carry_select_block_NPB4_2)            0.00       0.52 r
  SGEN/S[27] (sum_generator_N32_NPB4)                     0.00       0.52 r
  S[27] (out)                                             0.00       0.52 r
  data arrival time                                                  0.52

  max_delay                                               0.52       0.52
  output external delay                                   0.00       0.52
  data required time                                                 0.52
  --------------------------------------------------------------------------
  data required time                                                 0.52
  data arrival time                                                 -0.52
  --------------------------------------------------------------------------
  slack (MET)                                                        0.00


  Startpoint: B[15] (input port)
  Endpoint: S[20] (output port)
  Path Group: default
  Path Type: max

  Des/Clust/Port     Wire Load Model       Library
  ------------------------------------------------
  P4_ADDER           5K_hvratio_1_1        NangateOpenCellLibrary

  Point                                                   Incr       Path
  --------------------------------------------------------------------------
  input external delay                                    0.00       0.00 r
  B[15] (in)                                              0.00       0.00 r
  CGEN/B[15] (carry_generator_N32_NPB4)                   0.00       0.00 r
  CGEN/U17/ZN (INV_X1)                                    0.02       0.02 f
  CGEN/U15/ZN (NAND2_X1)                                  0.02       0.05 r
  CGEN/U16/ZN (NAND2_X1)                                  0.03       0.08 f
  CGEN/PGJ_0_7_0/P_IK (PG_21)                             0.00       0.08 f
  CGEN/PGJ_0_7_0/U3/ZN (AOI21_X1)                         0.04       0.12 r
  CGEN/PGJ_0_7_0/U2/ZN (INV_X1)                           0.02       0.14 f
  CGEN/PGJ_0_7_0/Gx (PG_21)                               0.00       0.14 f
  CGEN/PGJ_1_3_0/G_IK (PG_10)                             0.00       0.14 f
  CGEN/PGJ_1_3_0/U2/ZN (AOI21_X1)                         0.05       0.19 r
  CGEN/PGJ_1_3_0/U1/ZN (INV_X1)                           0.02       0.21 f
  CGEN/PGJ_1_3_0/Gx (PG_10)                               0.00       0.21 f
  CGEN/PGJ_2_1_0/G_IK (PG_5)                              0.00       0.21 f
  CGEN/PGJ_2_1_0/U2/ZN (AOI21_X1)                         0.05       0.27 r
  CGEN/PGJ_2_1_0/U3/ZN (INV_X1)                           0.02       0.29 f
  CGEN/PGJ_2_1_0/Gx (PG_5)                                0.00       0.29 f
  CGEN/GJ_3_0_0/G_IK (G_6)                                0.00       0.29 f
  CGEN/GJ_3_0_0/U2/ZN (AOI21_X1)                          0.05       0.34 r
  CGEN/GJ_3_0_0/U1/ZN (INV_X1)                            0.03       0.37 f
  CGEN/GJ_3_0_0/Gx (G_6)                                  0.00       0.37 f
  CGEN/GJ_4_0_3/G_K_1 (G_1)                               0.00       0.37 f
  CGEN/GJ_4_0_3/U2/ZN (NAND2_X1)                          0.03       0.41 r
  CGEN/GJ_4_0_3/U3/ZN (NAND2_X1)                          0.04       0.45 f
  CGEN/GJ_4_0_3/Gx (G_1)                                  0.00       0.45 f
  CGEN/Co[4] (carry_generator_N32_NPB4)                   0.00       0.45 f
  SGEN/Ci[5] (sum_generator_N32_NPB4)                     0.00       0.45 f
  SGEN/csbi_5/Ci (carry_select_block_NPB4_3)              0.00       0.45 f
  SGEN/csbi_5/mux/sel (MUX21_generic_N4_3)                0.00       0.45 f
  SGEN/csbi_5/mux/U3/Z (MUX2_X1)                          0.07       0.52 r
  SGEN/csbi_5/mux/Y[0] (MUX21_generic_N4_3)               0.00       0.52 r
  SGEN/csbi_5/S[0] (carry_select_block_NPB4_3)            0.00       0.52 r
  SGEN/S[20] (sum_generator_N32_NPB4)                     0.00       0.52 r
  S[20] (out)                                             0.00       0.52 r
  data arrival time                                                  0.52

  max_delay                                               0.52       0.52
  output external delay                                   0.00       0.52
  data required time                                                 0.52
  --------------------------------------------------------------------------
  data required time                                                 0.52
  data arrival time                                                 -0.52
  --------------------------------------------------------------------------
  slack (MET)                                                        0.00


  Startpoint: B[15] (input port)
  Endpoint: S[21] (output port)
  Path Group: default
  Path Type: max

  Des/Clust/Port     Wire Load Model       Library
  ------------------------------------------------
  P4_ADDER           5K_hvratio_1_1        NangateOpenCellLibrary

  Point                                                   Incr       Path
  --------------------------------------------------------------------------
  input external delay                                    0.00       0.00 r
  B[15] (in)                                              0.00       0.00 r
  CGEN/B[15] (carry_generator_N32_NPB4)                   0.00       0.00 r
  CGEN/U17/ZN (INV_X1)                                    0.02       0.02 f
  CGEN/U15/ZN (NAND2_X1)                                  0.02       0.05 r
  CGEN/U16/ZN (NAND2_X1)                                  0.03       0.08 f
  CGEN/PGJ_0_7_0/P_IK (PG_21)                             0.00       0.08 f
  CGEN/PGJ_0_7_0/U3/ZN (AOI21_X1)                         0.04       0.12 r
  CGEN/PGJ_0_7_0/U2/ZN (INV_X1)                           0.02       0.14 f
  CGEN/PGJ_0_7_0/Gx (PG_21)                               0.00       0.14 f
  CGEN/PGJ_1_3_0/G_IK (PG_10)                             0.00       0.14 f
  CGEN/PGJ_1_3_0/U2/ZN (AOI21_X1)                         0.05       0.19 r
  CGEN/PGJ_1_3_0/U1/ZN (INV_X1)                           0.02       0.21 f
  CGEN/PGJ_1_3_0/Gx (PG_10)                               0.00       0.21 f
  CGEN/PGJ_2_1_0/G_IK (PG_5)                              0.00       0.21 f
  CGEN/PGJ_2_1_0/U2/ZN (AOI21_X1)                         0.05       0.27 r
  CGEN/PGJ_2_1_0/U3/ZN (INV_X1)                           0.02       0.29 f
  CGEN/PGJ_2_1_0/Gx (PG_5)                                0.00       0.29 f
  CGEN/GJ_3_0_0/G_IK (G_6)                                0.00       0.29 f
  CGEN/GJ_3_0_0/U2/ZN (AOI21_X1)                          0.05       0.34 r
  CGEN/GJ_3_0_0/U1/ZN (INV_X1)                            0.03       0.37 f
  CGEN/GJ_3_0_0/Gx (G_6)                                  0.00       0.37 f
  CGEN/GJ_4_0_3/G_K_1 (G_1)                               0.00       0.37 f
  CGEN/GJ_4_0_3/U2/ZN (NAND2_X1)                          0.03       0.41 r
  CGEN/GJ_4_0_3/U3/ZN (NAND2_X1)                          0.04       0.45 f
  CGEN/GJ_4_0_3/Gx (G_1)                                  0.00       0.45 f
  CGEN/Co[4] (carry_generator_N32_NPB4)                   0.00       0.45 f
  SGEN/Ci[5] (sum_generator_N32_NPB4)                     0.00       0.45 f
  SGEN/csbi_5/Ci (carry_select_block_NPB4_3)              0.00       0.45 f
  SGEN/csbi_5/mux/sel (MUX21_generic_N4_3)                0.00       0.45 f
  SGEN/csbi_5/mux/U1/Z (MUX2_X1)                          0.07       0.52 r
  SGEN/csbi_5/mux/Y[1] (MUX21_generic_N4_3)               0.00       0.52 r
  SGEN/csbi_5/S[1] (carry_select_block_NPB4_3)            0.00       0.52 r
  SGEN/S[21] (sum_generator_N32_NPB4)                     0.00       0.52 r
  S[21] (out)                                             0.00       0.52 r
  data arrival time                                                  0.52

  max_delay                                               0.52       0.52
  output external delay                                   0.00       0.52
  data required time                                                 0.52
  --------------------------------------------------------------------------
  data required time                                                 0.52
  data arrival time                                                 -0.52
  --------------------------------------------------------------------------
  slack (MET)                                                        0.00


  Startpoint: B[15] (input port)
  Endpoint: S[22] (output port)
  Path Group: default
  Path Type: max

  Des/Clust/Port     Wire Load Model       Library
  ------------------------------------------------
  P4_ADDER           5K_hvratio_1_1        NangateOpenCellLibrary

  Point                                                   Incr       Path
  --------------------------------------------------------------------------
  input external delay                                    0.00       0.00 r
  B[15] (in)                                              0.00       0.00 r
  CGEN/B[15] (carry_generator_N32_NPB4)                   0.00       0.00 r
  CGEN/U17/ZN (INV_X1)                                    0.02       0.02 f
  CGEN/U15/ZN (NAND2_X1)                                  0.02       0.05 r
  CGEN/U16/ZN (NAND2_X1)                                  0.03       0.08 f
  CGEN/PGJ_0_7_0/P_IK (PG_21)                             0.00       0.08 f
  CGEN/PGJ_0_7_0/U3/ZN (AOI21_X1)                         0.04       0.12 r
  CGEN/PGJ_0_7_0/U2/ZN (INV_X1)                           0.02       0.14 f
  CGEN/PGJ_0_7_0/Gx (PG_21)                               0.00       0.14 f
  CGEN/PGJ_1_3_0/G_IK (PG_10)                             0.00       0.14 f
  CGEN/PGJ_1_3_0/U2/ZN (AOI21_X1)                         0.05       0.19 r
  CGEN/PGJ_1_3_0/U1/ZN (INV_X1)                           0.02       0.21 f
  CGEN/PGJ_1_3_0/Gx (PG_10)                               0.00       0.21 f
  CGEN/PGJ_2_1_0/G_IK (PG_5)                              0.00       0.21 f
  CGEN/PGJ_2_1_0/U2/ZN (AOI21_X1)                         0.05       0.27 r
  CGEN/PGJ_2_1_0/U3/ZN (INV_X1)                           0.02       0.29 f
  CGEN/PGJ_2_1_0/Gx (PG_5)                                0.00       0.29 f
  CGEN/GJ_3_0_0/G_IK (G_6)                                0.00       0.29 f
  CGEN/GJ_3_0_0/U2/ZN (AOI21_X1)                          0.05       0.34 r
  CGEN/GJ_3_0_0/U1/ZN (INV_X1)                            0.03       0.37 f
  CGEN/GJ_3_0_0/Gx (G_6)                                  0.00       0.37 f
  CGEN/GJ_4_0_3/G_K_1 (G_1)                               0.00       0.37 f
  CGEN/GJ_4_0_3/U2/ZN (NAND2_X1)                          0.03       0.41 r
  CGEN/GJ_4_0_3/U3/ZN (NAND2_X1)                          0.04       0.45 f
  CGEN/GJ_4_0_3/Gx (G_1)                                  0.00       0.45 f
  CGEN/Co[4] (carry_generator_N32_NPB4)                   0.00       0.45 f
  SGEN/Ci[5] (sum_generator_N32_NPB4)                     0.00       0.45 f
  SGEN/csbi_5/Ci (carry_select_block_NPB4_3)              0.00       0.45 f
  SGEN/csbi_5/mux/sel (MUX21_generic_N4_3)                0.00       0.45 f
  SGEN/csbi_5/mux/U2/Z (MUX2_X1)                          0.07       0.52 r
  SGEN/csbi_5/mux/Y[2] (MUX21_generic_N4_3)               0.00       0.52 r
  SGEN/csbi_5/S[2] (carry_select_block_NPB4_3)            0.00       0.52 r
  SGEN/S[22] (sum_generator_N32_NPB4)                     0.00       0.52 r
  S[22] (out)                                             0.00       0.52 r
  data arrival time                                                  0.52

  max_delay                                               0.52       0.52
  output external delay                                   0.00       0.52
  data required time                                                 0.52
  --------------------------------------------------------------------------
  data required time                                                 0.52
  data arrival time                                                 -0.52
  --------------------------------------------------------------------------
  slack (MET)                                                        0.00


  Startpoint: B[15] (input port)
  Endpoint: S[23] (output port)
  Path Group: default
  Path Type: max

  Des/Clust/Port     Wire Load Model       Library
  ------------------------------------------------
  P4_ADDER           5K_hvratio_1_1        NangateOpenCellLibrary

  Point                                                   Incr       Path
  --------------------------------------------------------------------------
  input external delay                                    0.00       0.00 r
  B[15] (in)                                              0.00       0.00 r
  CGEN/B[15] (carry_generator_N32_NPB4)                   0.00       0.00 r
  CGEN/U17/ZN (INV_X1)                                    0.02       0.02 f
  CGEN/U15/ZN (NAND2_X1)                                  0.02       0.05 r
  CGEN/U16/ZN (NAND2_X1)                                  0.03       0.08 f
  CGEN/PGJ_0_7_0/P_IK (PG_21)                             0.00       0.08 f
  CGEN/PGJ_0_7_0/U3/ZN (AOI21_X1)                         0.04       0.12 r
  CGEN/PGJ_0_7_0/U2/ZN (INV_X1)                           0.02       0.14 f
  CGEN/PGJ_0_7_0/Gx (PG_21)                               0.00       0.14 f
  CGEN/PGJ_1_3_0/G_IK (PG_10)                             0.00       0.14 f
  CGEN/PGJ_1_3_0/U2/ZN (AOI21_X1)                         0.05       0.19 r
  CGEN/PGJ_1_3_0/U1/ZN (INV_X1)                           0.02       0.21 f
  CGEN/PGJ_1_3_0/Gx (PG_10)                               0.00       0.21 f
  CGEN/PGJ_2_1_0/G_IK (PG_5)                              0.00       0.21 f
  CGEN/PGJ_2_1_0/U2/ZN (AOI21_X1)                         0.05       0.27 r
  CGEN/PGJ_2_1_0/U3/ZN (INV_X1)                           0.02       0.29 f
  CGEN/PGJ_2_1_0/Gx (PG_5)                                0.00       0.29 f
  CGEN/GJ_3_0_0/G_IK (G_6)                                0.00       0.29 f
  CGEN/GJ_3_0_0/U2/ZN (AOI21_X1)                          0.05       0.34 r
  CGEN/GJ_3_0_0/U1/ZN (INV_X1)                            0.03       0.37 f
  CGEN/GJ_3_0_0/Gx (G_6)                                  0.00       0.37 f
  CGEN/GJ_4_0_3/G_K_1 (G_1)                               0.00       0.37 f
  CGEN/GJ_4_0_3/U2/ZN (NAND2_X1)                          0.03       0.41 r
  CGEN/GJ_4_0_3/U3/ZN (NAND2_X1)                          0.04       0.45 f
  CGEN/GJ_4_0_3/Gx (G_1)                                  0.00       0.45 f
  CGEN/Co[4] (carry_generator_N32_NPB4)                   0.00       0.45 f
  SGEN/Ci[5] (sum_generator_N32_NPB4)                     0.00       0.45 f
  SGEN/csbi_5/Ci (carry_select_block_NPB4_3)              0.00       0.45 f
  SGEN/csbi_5/mux/sel (MUX21_generic_N4_3)                0.00       0.45 f
  SGEN/csbi_5/mux/U4/Z (MUX2_X1)                          0.07       0.52 r
  SGEN/csbi_5/mux/Y[3] (MUX21_generic_N4_3)               0.00       0.52 r
  SGEN/csbi_5/S[3] (carry_select_block_NPB4_3)            0.00       0.52 r
  SGEN/S[23] (sum_generator_N32_NPB4)                     0.00       0.52 r
  S[23] (out)                                             0.00       0.52 r
  data arrival time                                                  0.52

  max_delay                                               0.52       0.52
  output external delay                                   0.00       0.52
  data required time                                                 0.52
  --------------------------------------------------------------------------
  data required time                                                 0.52
  data arrival time                                                 -0.52
  --------------------------------------------------------------------------
  slack (MET)                                                        0.00


  Startpoint: B[15] (input port)
  Endpoint: S[28] (output port)
  Path Group: default
  Path Type: max

  Des/Clust/Port     Wire Load Model       Library
  ------------------------------------------------
  P4_ADDER           5K_hvratio_1_1        NangateOpenCellLibrary

  Point                                                   Incr       Path
  --------------------------------------------------------------------------
  input external delay                                    0.00       0.00 r
  B[15] (in)                                              0.00       0.00 r
  CGEN/B[15] (carry_generator_N32_NPB4)                   0.00       0.00 r
  CGEN/U17/ZN (INV_X1)                                    0.02       0.02 f
  CGEN/U15/ZN (NAND2_X1)                                  0.02       0.05 r
  CGEN/U16/ZN (NAND2_X1)                                  0.03       0.08 f
  CGEN/PGJ_0_7_0/P_IK (PG_21)                             0.00       0.08 f
  CGEN/PGJ_0_7_0/U3/ZN (AOI21_X1)                         0.04       0.12 r
  CGEN/PGJ_0_7_0/U2/ZN (INV_X1)                           0.02       0.14 f
  CGEN/PGJ_0_7_0/Gx (PG_21)                               0.00       0.14 f
  CGEN/PGJ_1_3_0/G_IK (PG_10)                             0.00       0.14 f
  CGEN/PGJ_1_3_0/U2/ZN (AOI21_X1)                         0.05       0.19 r
  CGEN/PGJ_1_3_0/U1/ZN (INV_X1)                           0.02       0.21 f
  CGEN/PGJ_1_3_0/Gx (PG_10)                               0.00       0.21 f
  CGEN/PGJ_2_1_0/G_IK (PG_5)                              0.00       0.21 f
  CGEN/PGJ_2_1_0/U2/ZN (AOI21_X1)                         0.05       0.27 r
  CGEN/PGJ_2_1_0/U3/ZN (INV_X1)                           0.02       0.29 f
  CGEN/PGJ_2_1_0/Gx (PG_5)                                0.00       0.29 f
  CGEN/GJ_3_0_0/G_IK (G_6)                                0.00       0.29 f
  CGEN/GJ_3_0_0/U2/ZN (AOI21_X1)                          0.05       0.34 r
  CGEN/GJ_3_0_0/U1/ZN (INV_X1)                            0.03       0.37 f
  CGEN/GJ_3_0_0/Gx (G_6)                                  0.00       0.37 f
  CGEN/GJ_4_0_1/G_K_1 (G_3)                               0.00       0.37 f
  CGEN/GJ_4_0_1/U2/ZN (NAND2_X1)                          0.03       0.41 r
  CGEN/GJ_4_0_1/U3/ZN (NAND2_X1)                          0.04       0.45 f
  CGEN/GJ_4_0_1/Gx (G_3)                                  0.00       0.45 f
  CGEN/Co[6] (carry_generator_N32_NPB4)                   0.00       0.45 f
  SGEN/Ci[7] (sum_generator_N32_NPB4)                     0.00       0.45 f
  SGEN/csbi_7/Ci (carry_select_block_NPB4_1)              0.00       0.45 f
  SGEN/csbi_7/mux/sel (MUX21_generic_N4_1)                0.00       0.45 f
  SGEN/csbi_7/mux/U1/Z (MUX2_X1)                          0.07       0.52 r
  SGEN/csbi_7/mux/Y[0] (MUX21_generic_N4_1)               0.00       0.52 r
  SGEN/csbi_7/S[0] (carry_select_block_NPB4_1)            0.00       0.52 r
  SGEN/S[28] (sum_generator_N32_NPB4)                     0.00       0.52 r
  S[28] (out)                                             0.00       0.52 r
  data arrival time                                                  0.52

  max_delay                                               0.52       0.52
  output external delay                                   0.00       0.52
  data required time                                                 0.52
  --------------------------------------------------------------------------
  data required time                                                 0.52
  data arrival time                                                 -0.52
  --------------------------------------------------------------------------
  slack (MET)                                                        0.00


  Startpoint: B[15] (input port)
  Endpoint: S[29] (output port)
  Path Group: default
  Path Type: max

  Des/Clust/Port     Wire Load Model       Library
  ------------------------------------------------
  P4_ADDER           5K_hvratio_1_1        NangateOpenCellLibrary

  Point                                                   Incr       Path
  --------------------------------------------------------------------------
  input external delay                                    0.00       0.00 r
  B[15] (in)                                              0.00       0.00 r
  CGEN/B[15] (carry_generator_N32_NPB4)                   0.00       0.00 r
  CGEN/U17/ZN (INV_X1)                                    0.02       0.02 f
  CGEN/U15/ZN (NAND2_X1)                                  0.02       0.05 r
  CGEN/U16/ZN (NAND2_X1)                                  0.03       0.08 f
  CGEN/PGJ_0_7_0/P_IK (PG_21)                             0.00       0.08 f
  CGEN/PGJ_0_7_0/U3/ZN (AOI21_X1)                         0.04       0.12 r
  CGEN/PGJ_0_7_0/U2/ZN (INV_X1)                           0.02       0.14 f
  CGEN/PGJ_0_7_0/Gx (PG_21)                               0.00       0.14 f
  CGEN/PGJ_1_3_0/G_IK (PG_10)                             0.00       0.14 f
  CGEN/PGJ_1_3_0/U2/ZN (AOI21_X1)                         0.05       0.19 r
  CGEN/PGJ_1_3_0/U1/ZN (INV_X1)                           0.02       0.21 f
  CGEN/PGJ_1_3_0/Gx (PG_10)                               0.00       0.21 f
  CGEN/PGJ_2_1_0/G_IK (PG_5)                              0.00       0.21 f
  CGEN/PGJ_2_1_0/U2/ZN (AOI21_X1)                         0.05       0.27 r
  CGEN/PGJ_2_1_0/U3/ZN (INV_X1)                           0.02       0.29 f
  CGEN/PGJ_2_1_0/Gx (PG_5)                                0.00       0.29 f
  CGEN/GJ_3_0_0/G_IK (G_6)                                0.00       0.29 f
  CGEN/GJ_3_0_0/U2/ZN (AOI21_X1)                          0.05       0.34 r
  CGEN/GJ_3_0_0/U1/ZN (INV_X1)                            0.03       0.37 f
  CGEN/GJ_3_0_0/Gx (G_6)                                  0.00       0.37 f
  CGEN/GJ_4_0_1/G_K_1 (G_3)                               0.00       0.37 f
  CGEN/GJ_4_0_1/U2/ZN (NAND2_X1)                          0.03       0.41 r
  CGEN/GJ_4_0_1/U3/ZN (NAND2_X1)                          0.04       0.45 f
  CGEN/GJ_4_0_1/Gx (G_3)                                  0.00       0.45 f
  CGEN/Co[6] (carry_generator_N32_NPB4)                   0.00       0.45 f
  SGEN/Ci[7] (sum_generator_N32_NPB4)                     0.00       0.45 f
  SGEN/csbi_7/Ci (carry_select_block_NPB4_1)              0.00       0.45 f
  SGEN/csbi_7/mux/sel (MUX21_generic_N4_1)                0.00       0.45 f
  SGEN/csbi_7/mux/U2/Z (MUX2_X1)                          0.07       0.52 r
  SGEN/csbi_7/mux/Y[1] (MUX21_generic_N4_1)               0.00       0.52 r
  SGEN/csbi_7/S[1] (carry_select_block_NPB4_1)            0.00       0.52 r
  SGEN/S[29] (sum_generator_N32_NPB4)                     0.00       0.52 r
  S[29] (out)                                             0.00       0.52 r
  data arrival time                                                  0.52

  max_delay                                               0.52       0.52
  output external delay                                   0.00       0.52
  data required time                                                 0.52
  --------------------------------------------------------------------------
  data required time                                                 0.52
  data arrival time                                                 -0.52
  --------------------------------------------------------------------------
  slack (MET)                                                        0.00


1
