Information: Propagating switching activity (low effort zero delay simulation). (PWR-6)
Warning: Design has unannotated primary inputs. (PWR-414)
Warning: Design has unannotated sequential cell outputs. (PWR-415)
 
****************************************
Report : power
        -analysis_effort low
Design : register_file_NBIT64_NREG32
Version: F-2011.09-SP3
Date   : Tue May  5 00:33:14 2020
****************************************


Library(s) Used:

    NangateOpenCellLibrary (File: /home/mariagrazia.graziano/do/libnangate/NangateOpenCellLibrary_typical_ecsm.db)


Operating Conditions: typical   Library: NangateOpenCellLibrary
Wire Load Model Mode: top

Design        Wire Load Model            Library
------------------------------------------------
register_file_NBIT64_NREG32
                       5K_hvratio_1_1    NangateOpenCellLibrary


Global Operating Voltage = 1.1  
Power-specific unit information :
    Voltage Units = 1V
    Capacitance Units = 1.000000ff
    Time Units = 1ns
    Dynamic Power Units = 1uW    (derived from V,C,T units)
    Leakage Power Units = 1nW


  Cell Internal Power  =   7.4591 mW   (95%)
  Net Switching Power  = 353.9982 uW    (5%)
                         ---------
Total Dynamic Power    =   7.8131 mW  (100%)

Cell Leakage Power     = 387.1367 uW


                 Internal         Switching           Leakage            Total
Power Group      Power            Power               Power              Power   (   %    )  Attrs
--------------------------------------------------------------------------------------------------
io_pad             0.0000            0.0000            0.0000            0.0000  (   0.00%)
memory             0.0000            0.0000            0.0000            0.0000  (   0.00%)
black_box          0.0000            0.0000            0.0000            0.0000  (   0.00%)
clock_network      0.0000            0.0000            0.0000            0.0000  (   0.00%)
register       7.3769e+03           12.3525        1.6614e+05        7.5554e+03  (  92.14%)
sequential         0.0000            0.0000            0.0000            0.0000  (   0.00%)
combinational     82.2157          341.6451        2.2099e+05          644.8549  (   7.86%)
--------------------------------------------------------------------------------------------------
Total          7.4591e+03 uW       353.9976 uW     3.8714e+05 nW     8.2003e+03 uW
1
