Loading db file '/home/mariagrazia.graziano/do/libnangate/NangateOpenCellLibrary_typical_ecsm.db'
Information: Propagating switching activity (low effort zero delay simulation). (PWR-6)
Warning: Design has unannotated primary inputs. (PWR-414)
Warning: Design has unannotated sequential cell outputs. (PWR-415)
 
****************************************
Report : power
        -analysis_effort low
Design : windowed_register_file_M8_N4_N_bit64_W2
Version: F-2011.09-SP3
Date   : Tue May  5 00:55:58 2020
****************************************


Library(s) Used:

    NangateOpenCellLibrary (File: /home/mariagrazia.graziano/do/libnangate/NangateOpenCellLibrary_typical_ecsm.db)


Operating Conditions: typical   Library: NangateOpenCellLibrary
Wire Load Model Mode: top

Design        Wire Load Model            Library
------------------------------------------------
windowed_register_file_M8_N4_N_bit64_W2
                       5K_hvratio_1_1    NangateOpenCellLibrary


Global Operating Voltage = 1.1  
Power-specific unit information :
    Voltage Units = 1V
    Capacitance Units = 1.000000ff
    Time Units = 1ns
    Dynamic Power Units = 1uW    (derived from V,C,T units)
    Leakage Power Units = 1nW


  Cell Internal Power  =   7.7409 mW   (93%)
  Net Switching Power  = 608.0070 uW    (7%)
                         ---------
Total Dynamic Power    =   8.3489 mW  (100%)

Cell Leakage Power     = 419.7782 uW


                 Internal         Switching           Leakage            Total
Power Group      Power            Power               Power              Power   (   %    )  Attrs
--------------------------------------------------------------------------------------------------
io_pad             0.0000            0.0000            0.0000            0.0000  (   0.00%)
memory             0.0000            0.0000            0.0000            0.0000  (   0.00%)
black_box          0.0000            0.0000            0.0000            0.0000  (   0.00%)
clock_network      0.1184            0.1946          197.4004            0.5104  (   0.01%)
register       7.5496e+03           26.1688        1.7273e+05        7.7485e+03  (  88.36%)
sequential         0.1024        7.4280e-02          515.4561            0.6922  (   0.01%)
combinational    191.1437          581.5693        2.4634e+05        1.0191e+03  (  11.62%)
--------------------------------------------------------------------------------------------------
Total          7.7409e+03 uW       608.0070 uW     4.1978e+05 nW     8.7687e+03 uW
1
